// Jest Snapshot v1, https://goo.gl/fbAQLP

exports[`ProfilePage renders properly 1`] = `ShallowWrapper {}`;
