// Jest Snapshot v1, https://goo.gl/fbAQLP

exports[`WishListPage renders properly 1`] = `ShallowWrapper {}`;
