// Jest Snapshot v1, https://goo.gl/fbAQLP

exports[`Create wish component renders properly 1`] = `ShallowWrapper {}`;
