// Jest Snapshot v1, https://goo.gl/fbAQLP

exports[`Delete wish component renders properly 1`] = `ShallowWrapper {}`;
