// Jest Snapshot v1, https://goo.gl/fbAQLP

exports[`Edit wish component renders properly 1`] = `ShallowWrapper {}`;
