// Jest Snapshot v1, https://goo.gl/fbAQLP

exports[`UsersWhoLikedWish renders properly 1`] = `ShallowWrapper {}`;
